Archive member included because of file (symbol)

/usr/lib/gcc/avr/4.3.5/avr5/libgcc.a(_udivmodqi4.o)
                              main.o (__udivmodqi4)
/usr/lib/gcc/avr/4.3.5/avr5/libgcc.a(_udivmodhi4.o)
                              main.o (__udivmodhi4)
/usr/lib/gcc/avr/4.3.5/avr5/libgcc.a(_divmodhi4.o)
                              main.o (__divmodhi4)
/usr/lib/gcc/avr/4.3.5/avr5/libgcc.a(_exit.o)
                              /usr/lib/gcc/avr/4.3.5/../../../avr/lib/avr5/crtm168.o (exit)
/usr/lib/gcc/avr/4.3.5/avr5/libgcc.a(_copy_data.o)
                              main.o (__do_copy_data)
/usr/lib/gcc/avr/4.3.5/avr5/libgcc.a(_clear_bss.o)
                              main.o (__do_clear_bss)

Memory Configuration

Name             Origin             Length             Attributes
text             0x00000000         0x00020000         xr
data             0x00800060         0x0000ffa0         rw !x
eeprom           0x00810000         0x00010000         rw !x
fuse             0x00820000         0x00000400         rw !x
lock             0x00830000         0x00000400         rw !x
signature        0x00840000         0x00000400         rw !x
*default*        0x00000000         0xffffffff

Linker script and memory map

Address of section .data set to 0x800100
LOAD /usr/lib/gcc/avr/4.3.5/../../../avr/lib/avr5/crtm168.o
LOAD main.o
LOAD /usr/lib/gcc/avr/4.3.5/avr5/libgcc.a
LOAD /usr/lib/gcc/avr/4.3.5/../../../avr/lib/avr5/libc.a
LOAD /usr/lib/gcc/avr/4.3.5/avr5/libgcc.a

.hash
 *(.hash)

.dynsym
 *(.dynsym)

.dynstr
 *(.dynstr)

.gnu.version
 *(.gnu.version)

.gnu.version_d
 *(.gnu.version_d)

.gnu.version_r
 *(.gnu.version_r)

.rel.init
 *(.rel.init)

.rela.init
 *(.rela.init)

.rel.text
 *(.rel.text)
 *(.rel.text.*)
 *(.rel.gnu.linkonce.t*)

.rela.text
 *(.rela.text)
 *(.rela.text.*)
 *(.rela.gnu.linkonce.t*)

.rel.fini
 *(.rel.fini)

.rela.fini
 *(.rela.fini)

.rel.rodata
 *(.rel.rodata)
 *(.rel.rodata.*)
 *(.rel.gnu.linkonce.r*)

.rela.rodata
 *(.rela.rodata)
 *(.rela.rodata.*)
 *(.rela.gnu.linkonce.r*)

.rel.data
 *(.rel.data)
 *(.rel.data.*)
 *(.rel.gnu.linkonce.d*)

.rela.data
 *(.rela.data)
 *(.rela.data.*)
 *(.rela.gnu.linkonce.d*)

.rel.ctors
 *(.rel.ctors)

.rela.ctors
 *(.rela.ctors)

.rel.dtors
 *(.rel.dtors)

.rela.dtors
 *(.rela.dtors)

.rel.got
 *(.rel.got)

.rela.got
 *(.rela.got)

.rel.bss
 *(.rel.bss)

.rela.bss
 *(.rela.bss)

.rel.plt
 *(.rel.plt)

.rela.plt
 *(.rela.plt)

.text           0x00000000      0x8b2
 *(.vectors)
 .vectors       0x00000000       0x68 /usr/lib/gcc/avr/4.3.5/../../../avr/lib/avr5/crtm168.o
                0x00000000                __vectors
                0x00000000                __vector_default
 *(.vectors)
 *(.progmem.gcc*)
 *(.progmem*)
                0x00000068                . = ALIGN (0x2)
                0x00000068                __trampolines_start = .
 *(.trampolines)
 .trampolines   0x00000068        0x0 linker stubs
 *(.trampolines*)
                0x00000068                __trampolines_end = .
 *(.jumptables)
 *(.jumptables*)
 *(.lowtext)
 *(.lowtext*)
                0x00000068                __ctors_start = .
 *(.ctors)
                0x00000068                __ctors_end = .
                0x00000068                __dtors_start = .
 *(.dtors)
                0x00000068                __dtors_end = .
 SORT(*)(.ctors)
 SORT(*)(.dtors)
 *(.init0)
 .init0         0x00000068        0x0 /usr/lib/gcc/avr/4.3.5/../../../avr/lib/avr5/crtm168.o
                0x00000068                __init
 *(.init0)
 *(.init1)
 *(.init1)
 *(.init2)
 .init2         0x00000068        0xc /usr/lib/gcc/avr/4.3.5/../../../avr/lib/avr5/crtm168.o
 *(.init2)
 *(.init3)
 *(.init3)
 *(.init4)
 .init4         0x00000074       0x16 /usr/lib/gcc/avr/4.3.5/avr5/libgcc.a(_copy_data.o)
                0x00000074                __do_copy_data
 .init4         0x0000008a       0x10 /usr/lib/gcc/avr/4.3.5/avr5/libgcc.a(_clear_bss.o)
                0x0000008a                __do_clear_bss
 *(.init4)
 *(.init5)
 *(.init5)
 *(.init6)
 *(.init6)
 *(.init7)
 *(.init7)
 *(.init8)
 *(.init8)
 *(.init9)
 .init9         0x0000009a        0x8 /usr/lib/gcc/avr/4.3.5/../../../avr/lib/avr5/crtm168.o
 *(.init9)
 *(.text)
 .text          0x000000a2        0x4 /usr/lib/gcc/avr/4.3.5/../../../avr/lib/avr5/crtm168.o
                0x000000a2                __vector_22
                0x000000a2                __vector_1
                0x000000a2                __vector_24
                0x000000a2                __vector_12
                0x000000a2                __bad_interrupt
                0x000000a2                __vector_6
                0x000000a2                __vector_3
                0x000000a2                __vector_23
                0x000000a2                __vector_25
                0x000000a2                __vector_11
                0x000000a2                __vector_13
                0x000000a2                __vector_17
                0x000000a2                __vector_19
                0x000000a2                __vector_7
                0x000000a2                __vector_5
                0x000000a2                __vector_4
                0x000000a2                __vector_9
                0x000000a2                __vector_2
                0x000000a2                __vector_21
                0x000000a2                __vector_15
                0x000000a2                __vector_14
                0x000000a2                __vector_10
                0x000000a2                __vector_16
                0x000000a2                __vector_18
                0x000000a2                __vector_20
 .text          0x000000a6      0x7a2 main.o
                0x000000a6                delay_ms
                0x000000ba                dummy_callback
                0x000000bc                usart_init
                0x000000d2                USART_Transmit
                0x000000e2                USART_Receive
                0x000000f0                usart_send_byte
                0x0000011c                usart_send_int
                0x00000154                usart_send_string
                0x0000016e                do_adc_conversion
                0x00000186                get_z_accelero
                0x000001a4                get_y_accelero
                0x000001c2                get_x_accelero
                0x000001e0                is_in_free_fall
                0x00000220                leave_hand
                0x0000023c                enter_hand
                0x0000028a                __vector_8
                0x000002fc                green_led_on
                0x00000306                blue_led_on
                0x00000318                red_led_on
                0x0000032a                green_led_off
                0x00000334                blue_led_off
                0x00000346                red_led_off
                0x00000358                all_leds_off
                0x00000378                all_leds_on
                0x00000398                green_led_intensity
                0x000003ac                blue_led_intensity
                0x000003c6                red_led_intensity
                0x000003e0                green_led_percentage
                0x000003f8                blue_led_percentage
                0x00000416                red_led_percentage
                0x00000434                all_leds_percentage
                0x0000045c                pr_alternate_enter
                0x000004b8                pr_alternate_leave
                0x00000514                pr_alternate_install
                0x0000053a                pr_interpolate_tick_callback
                0x000005b0                pr_interpolate_install
                0x000005d2                pr_rain_enter
                0x00000612                pr_rain_leave
                0x00000632                pr_rain_tick_callback
                0x00000740                pr_rain_install
                0x00000766                main
 .text          0x00000848        0x0 /usr/lib/gcc/avr/4.3.5/avr5/libgcc.a(_udivmodqi4.o)
 .text          0x00000848        0x0 /usr/lib/gcc/avr/4.3.5/avr5/libgcc.a(_udivmodhi4.o)
 .text          0x00000848        0x0 /usr/lib/gcc/avr/4.3.5/avr5/libgcc.a(_divmodhi4.o)
 .text          0x00000848        0x0 /usr/lib/gcc/avr/4.3.5/avr5/libgcc.a(_exit.o)
 .text          0x00000848        0x0 /usr/lib/gcc/avr/4.3.5/avr5/libgcc.a(_copy_data.o)
 .text          0x00000848        0x0 /usr/lib/gcc/avr/4.3.5/avr5/libgcc.a(_clear_bss.o)
                0x00000848                . = ALIGN (0x2)
 *(.text.*)
 .text.libgcc   0x00000848       0x18 /usr/lib/gcc/avr/4.3.5/avr5/libgcc.a(_udivmodqi4.o)
                0x00000848                __udivmodqi4
 .text.libgcc   0x00000860       0x28 /usr/lib/gcc/avr/4.3.5/avr5/libgcc.a(_udivmodhi4.o)
                0x00000860                __udivmodhi4
 .text.libgcc   0x00000888       0x26 /usr/lib/gcc/avr/4.3.5/avr5/libgcc.a(_divmodhi4.o)
                0x00000888                __divmodhi4
                0x00000888                _div
 .text.libgcc   0x000008ae        0x0 /usr/lib/gcc/avr/4.3.5/avr5/libgcc.a(_exit.o)
 .text.libgcc   0x000008ae        0x0 /usr/lib/gcc/avr/4.3.5/avr5/libgcc.a(_copy_data.o)
 .text.libgcc   0x000008ae        0x0 /usr/lib/gcc/avr/4.3.5/avr5/libgcc.a(_clear_bss.o)
                0x000008ae                . = ALIGN (0x2)
 *(.fini9)
 .fini9         0x000008ae        0x0 /usr/lib/gcc/avr/4.3.5/avr5/libgcc.a(_exit.o)
                0x000008ae                exit
                0x000008ae                _exit
 *(.fini9)
 *(.fini8)
 *(.fini8)
 *(.fini7)
 *(.fini7)
 *(.fini6)
 *(.fini6)
 *(.fini5)
 *(.fini5)
 *(.fini4)
 *(.fini4)
 *(.fini3)
 *(.fini3)
 *(.fini2)
 *(.fini2)
 *(.fini1)
 *(.fini1)
 *(.fini0)
 .fini0         0x000008ae        0x4 /usr/lib/gcc/avr/4.3.5/avr5/libgcc.a(_exit.o)
 *(.fini0)
                0x000008b2                _etext = .

.data           0x00800100       0x82 load address 0x000008b2
                0x00800100                PROVIDE (__data_start, .)
 *(.data)
 .data          0x00800100        0x0 /usr/lib/gcc/avr/4.3.5/../../../avr/lib/avr5/crtm168.o
 .data          0x00800100       0x82 main.o
                0x0080011c                __enter_hand_callback
                0x0080011e                __leave_hand_callback
                0x00800120                __timer_tick_callback
                0x00800122                lookup_table_16_bit
                0x00800162                lookup_table_8_bit
 .data          0x00800182        0x0 /usr/lib/gcc/avr/4.3.5/avr5/libgcc.a(_udivmodqi4.o)
 .data          0x00800182        0x0 /usr/lib/gcc/avr/4.3.5/avr5/libgcc.a(_udivmodhi4.o)
 .data          0x00800182        0x0 /usr/lib/gcc/avr/4.3.5/avr5/libgcc.a(_divmodhi4.o)
 .data          0x00800182        0x0 /usr/lib/gcc/avr/4.3.5/avr5/libgcc.a(_exit.o)
 .data          0x00800182        0x0 /usr/lib/gcc/avr/4.3.5/avr5/libgcc.a(_copy_data.o)
 .data          0x00800182        0x0 /usr/lib/gcc/avr/4.3.5/avr5/libgcc.a(_clear_bss.o)
 *(.data*)
 *(.rodata)
 *(.rodata*)
 *(.gnu.linkonce.d*)
                0x00800182                . = ALIGN (0x2)
                0x00800182                _edata = .
                0x00800182                PROVIDE (__data_end, .)

.bss            0x00800182        0xb
                0x00800182                PROVIDE (__bss_start, .)
 *(.bss)
 .bss           0x00800182        0x0 /usr/lib/gcc/avr/4.3.5/../../../avr/lib/avr5/crtm168.o
 .bss           0x00800182        0xb main.o
                0x00800182                __last_free_fall_duration
                0x00800184                __free_fall_duration
                0x00800186                __time_since_last_catch
                0x00800188                __in_free_fall
                0x00800189                __pr_alternate
                0x0080018b                pr_rain_drop_timer
 .bss           0x0080018d        0x0 /usr/lib/gcc/avr/4.3.5/avr5/libgcc.a(_udivmodqi4.o)
 .bss           0x0080018d        0x0 /usr/lib/gcc/avr/4.3.5/avr5/libgcc.a(_udivmodhi4.o)
 .bss           0x0080018d        0x0 /usr/lib/gcc/avr/4.3.5/avr5/libgcc.a(_divmodhi4.o)
 .bss           0x0080018d        0x0 /usr/lib/gcc/avr/4.3.5/avr5/libgcc.a(_exit.o)
 .bss           0x0080018d        0x0 /usr/lib/gcc/avr/4.3.5/avr5/libgcc.a(_copy_data.o)
 .bss           0x0080018d        0x0 /usr/lib/gcc/avr/4.3.5/avr5/libgcc.a(_clear_bss.o)
 *(.bss*)
 *(COMMON)
                0x0080018d                PROVIDE (__bss_end, .)
                0x000008b2                __data_load_start = LOADADDR (.data)
                0x00000934                __data_load_end = (__data_load_start + SIZEOF (.data))

.noinit         0x0080018d        0x0
                0x0080018d                PROVIDE (__noinit_start, .)
 *(.noinit*)
                0x0080018d                PROVIDE (__noinit_end, .)
                0x0080018d                _end = .
                0x0080018d                PROVIDE (__heap_start, .)

.eeprom         0x00810000        0x0
 *(.eeprom*)
                0x00810000                __eeprom_end = .

.fuse
 *(.fuse)
 *(.lfuse)
 *(.hfuse)
 *(.efuse)

.lock
 *(.lock*)

.signature
 *(.signature*)

.stab           0x00000000     0x1f98
 *(.stab)
 .stab          0x00000000      0x6b4 /usr/lib/gcc/avr/4.3.5/../../../avr/lib/avr5/crtm168.o
 .stab          0x000006b4     0x18e4 main.o
                               0x18f0 (size before relaxing)

.stabstr        0x00000000     0x10fb
 *(.stabstr)
 .stabstr       0x00000000     0x10fb /usr/lib/gcc/avr/4.3.5/../../../avr/lib/avr5/crtm168.o

.stab.excl
 *(.stab.excl)

.stab.exclstr
 *(.stab.exclstr)

.stab.index
 *(.stab.index)

.stab.indexstr
 *(.stab.indexstr)

.comment
 *(.comment)

.debug
 *(.debug)

.line
 *(.line)

.debug_srcinfo
 *(.debug_srcinfo)

.debug_sfnames
 *(.debug_sfnames)

.debug_aranges
 *(.debug_aranges)

.debug_pubnames
 *(.debug_pubnames)

.debug_info
 *(.debug_info)
 *(.gnu.linkonce.wi.*)

.debug_abbrev
 *(.debug_abbrev)

.debug_line
 *(.debug_line)

.debug_frame
 *(.debug_frame)

.debug_str
 *(.debug_str)

.debug_loc
 *(.debug_loc)

.debug_macinfo
 *(.debug_macinfo)
OUTPUT(main.out elf32-avr)
LOAD linker stubs
